Dien Dien@Dien MINGW64 ~/Desktop/ML_code
$ git init
Initialized empty Git repository in C:/Users/Dien Dien/Desktop/ML_code/.git/

Dien Dien@Dien MINGW64 ~/Desktop/ML_code (master)
$ git add .

Dien Dien@Dien MINGW64 ~/Desktop/ML_code (master)
$ git commit -m "first commit"
[master (root-commit) 49e4930] first commit
 2 files changed, 25 insertions(+)
 create mode 100644 1-Task.py
 create mode 100644 2-GaCho.py

Dien Dien@Dien MINGW64 ~/Desktop/ML_code (master)
$ git branch -M main

Dien Dien@Dien MINGW64 ~/Desktop/ML_code (main)
$ git remote add origin https://github.com/HuynhThiMyDuyen/Test-git.git

Dien Dien@Dien MINGW64 ~/Desktop/ML_code (main)
$ git push -u origin main
fatal: helper error (-1): authentication prompt was canceled
MatkhaugithubEnumerating objects: 4, done.
Counting objects: 100% (4/4), done.
Delta compression using up to 8 threads
Compressing objects: 100% (4/4), done.
Writing objects: 100% (4/4), 475 bytes | 237.00 KiB/s, done.
Total 4 (delta 0), reused 0 (delta 0), pack-reused 0
To https://github.com/HuynhThiMyDuyen/Test-git.git
 * [new branch]      main -> main
Branch 'main' set up to track remote branch 'main' from 'origin'.
